Traceback (most recent call last):
  File "/opt/anaconda3/envs/aciar/lib/python3.11/site-packages/jupyter_cache/executors/utils.py", line 58, in single_nb_execution
    executenb(
  File "/opt/anaconda3/envs/aciar/lib/python3.11/site-packages/nbclient/client.py", line 1314, in execute
    return NotebookClient(nb=nb, resources=resources, km=km, **kwargs).execute()
           ^^^^^^^^^^^^^^^^^^^^^^^^^^^^^^^^^^^^^^^^^^^^^^^^^^^^^^^^^^^^^^^^^^^^^
  File "/opt/anaconda3/envs/aciar/lib/python3.11/site-packages/jupyter_core/utils/__init__.py", line 173, in wrapped
    return loop.run_until_complete(inner)
           ^^^^^^^^^^^^^^^^^^^^^^^^^^^^^^
  File "/opt/anaconda3/envs/aciar/lib/python3.11/asyncio/base_events.py", line 653, in run_until_complete
    return future.result()
           ^^^^^^^^^^^^^^^
  File "/opt/anaconda3/envs/aciar/lib/python3.11/site-packages/nbclient/client.py", line 709, in async_execute
    await self.async_execute_cell(
  File "/opt/anaconda3/envs/aciar/lib/python3.11/site-packages/nbclient/client.py", line 1062, in async_execute_cell
    await self._check_raise_for_error(cell, cell_index, exec_reply)
  File "/opt/anaconda3/envs/aciar/lib/python3.11/site-packages/nbclient/client.py", line 918, in _check_raise_for_error
    raise CellExecutionError.from_cell_and_msg(cell, exec_reply_content)
nbclient.exceptions.CellExecutionError: An error occurred while executing the following cell:
------------------
ds = xr.open_dataarray('projected_bioclim/ensemble_mean_rcp85_ba_month_x++_q100_12.tif')
ds = ds.sel(band=1).rename('Annual precipitation')
ds = ds.sel(x=slice(45,180),y=slice(-60,60))

hover = bokeh.models.HoverTool(tooltips=[("Temp", "@image mm"),
                                  ],
                              formatters = {"@Temp":"printf"})

ds.drop(['band','spatial_ref']).hvplot(x='x',y='y',geo=True,xlim=(95,142), ylim=(-13,25),width=700,height=450,cmap='viridis_r',xlabel='lon',tools=[hover],tiles=tiles_state,tiles_opts={'xlim':xlims,'ylim':ylims,'alpha':0.5})
------------------


[0;31m---------------------------------------------------------------------------[0m
[0;31mKeyError[0m                                  Traceback (most recent call last)
File [0;32m/opt/anaconda3/envs/aciar/lib/python3.11/site-packages/xarray/backends/file_manager.py:211[0m, in [0;36mCachingFileManager._acquire_with_cache_info[0;34m(self, needs_lock)[0m
[1;32m    210[0m [38;5;28;01mtry[39;00m:
[0;32m--> 211[0m     file [38;5;241m=[39m [38;5;28;43mself[39;49m[38;5;241;43m.[39;49m[43m_cache[49m[43m[[49m[38;5;28;43mself[39;49m[38;5;241;43m.[39;49m[43m_key[49m[43m][49m
[1;32m    212[0m [38;5;28;01mexcept[39;00m [38;5;167;01mKeyError[39;00m:

File [0;32m/opt/anaconda3/envs/aciar/lib/python3.11/site-packages/xarray/backends/lru_cache.py:56[0m, in [0;36mLRUCache.__getitem__[0;34m(self, key)[0m
[1;32m     55[0m [38;5;28;01mwith[39;00m [38;5;28mself[39m[38;5;241m.[39m_lock:
[0;32m---> 56[0m     value [38;5;241m=[39m [38;5;28;43mself[39;49m[38;5;241;43m.[39;49m[43m_cache[49m[43m[[49m[43mkey[49m[43m][49m
[1;32m     57[0m     [38;5;28mself[39m[38;5;241m.[39m_cache[38;5;241m.[39mmove_to_end(key)

[0;31mKeyError[0m: [<function open at 0x7f9291307100>, ('projected_bioclim/ensemble_mean_rcp85_ba_month_x++_q100_12.tif',), 'r', (('sharing', False),), '8eb65918-eff4-4270-bc6b-d7dfe8b54226']

During handling of the above exception, another exception occurred:

[0;31mCPLE_OpenFailedError[0m                      Traceback (most recent call last)
File [0;32mrasterio/_base.pyx:307[0m, in [0;36mrasterio._base.DatasetBase.__init__[0;34m()[0m

File [0;32mrasterio/_base.pyx:218[0m, in [0;36mrasterio._base.open_dataset[0;34m()[0m

File [0;32mrasterio/_err.pyx:221[0m, in [0;36mrasterio._err.exc_wrap_pointer[0;34m()[0m

[0;31mCPLE_OpenFailedError[0m: projected_bioclim/ensemble_mean_rcp85_ba_month_x++_q100_12.tif: No such file or directory

During handling of the above exception, another exception occurred:

[0;31mRasterioIOError[0m                           Traceback (most recent call last)
Cell [0;32mIn[2], line 1[0m
[0;32m----> 1[0m ds [38;5;241m=[39m [43mxr[49m[38;5;241;43m.[39;49m[43mopen_dataarray[49m[43m([49m[38;5;124;43m'[39;49m[38;5;124;43mprojected_bioclim/ensemble_mean_rcp85_ba_month_x++_q100_12.tif[39;49m[38;5;124;43m'[39;49m[43m)[49m
[1;32m      2[0m ds [38;5;241m=[39m ds[38;5;241m.[39msel(band[38;5;241m=[39m[38;5;241m1[39m)[38;5;241m.[39mrename([38;5;124m'[39m[38;5;124mAnnual precipitation[39m[38;5;124m'[39m)
[1;32m      3[0m ds [38;5;241m=[39m ds[38;5;241m.[39msel(x[38;5;241m=[39m[38;5;28mslice[39m([38;5;241m45[39m,[38;5;241m180[39m),y[38;5;241m=[39m[38;5;28mslice[39m([38;5;241m-[39m[38;5;241m60[39m,[38;5;241m60[39m))

File [0;32m/opt/anaconda3/envs/aciar/lib/python3.11/site-packages/xarray/backends/api.py:750[0m, in [0;36mopen_dataarray[0;34m(filename_or_obj, engine, chunks, cache, decode_cf, mask_and_scale, decode_times, decode_timedelta, use_cftime, concat_characters, decode_coords, drop_variables, inline_array, chunked_array_type, from_array_kwargs, backend_kwargs, **kwargs)[0m
[1;32m    596[0m [38;5;28;01mdef[39;00m [38;5;21mopen_dataarray[39m(
[1;32m    597[0m     filename_or_obj: [38;5;28mstr[39m [38;5;241m|[39m os[38;5;241m.[39mPathLike[Any] [38;5;241m|[39m BufferedIOBase [38;5;241m|[39m AbstractDataStore,
[1;32m    598[0m     [38;5;241m*[39m,
[0;32m   (...)[0m
[1;32m    614[0m     [38;5;241m*[39m[38;5;241m*[39mkwargs,
[1;32m    615[0m ) [38;5;241m-[39m[38;5;241m>[39m DataArray:
[1;32m    616[0m [38;5;250m    [39m[38;5;124;03m"""Open an DataArray from a file or file-like object containing a single[39;00m
[1;32m    617[0m [38;5;124;03m    data variable.[39;00m
[1;32m    618[0m 
[0;32m   (...)[0m
[1;32m    747[0m [38;5;124;03m    open_dataset[39;00m
[1;32m    748[0m [38;5;124;03m    """[39;00m
[0;32m--> 750[0m     dataset [38;5;241m=[39m [43mopen_dataset[49m[43m([49m
[1;32m    751[0m [43m        [49m[43mfilename_or_obj[49m[43m,[49m
[1;32m    752[0m [43m        [49m[43mdecode_cf[49m[38;5;241;43m=[39;49m[43mdecode_cf[49m[43m,[49m
[1;32m    753[0m [43m        [49m[43mmask_and_scale[49m[38;5;241;43m=[39;49m[43mmask_and_scale[49m[43m,[49m
[1;32m    754[0m [43m        [49m[43mdecode_times[49m[38;5;241;43m=[39;49m[43mdecode_times[49m[43m,[49m
[1;32m    755[0m [43m        [49m[43mconcat_characters[49m[38;5;241;43m=[39;49m[43mconcat_characters[49m[43m,[49m
[1;32m    756[0m [43m        [49m[43mdecode_coords[49m[38;5;241;43m=[39;49m[43mdecode_coords[49m[43m,[49m
[1;32m    757[0m [43m        [49m[43mengine[49m[38;5;241;43m=[39;49m[43mengine[49m[43m,[49m
[1;32m    758[0m [43m        [49m[43mchunks[49m[38;5;241;43m=[39;49m[43mchunks[49m[43m,[49m
[1;32m    759[0m [43m        [49m[43mcache[49m[38;5;241;43m=[39;49m[43mcache[49m[43m,[49m
[1;32m    760[0m [43m        [49m[43mdrop_variables[49m[38;5;241;43m=[39;49m[43mdrop_variables[49m[43m,[49m
[1;32m    761[0m [43m        [49m[43minline_array[49m[38;5;241;43m=[39;49m[43minline_array[49m[43m,[49m
[1;32m    762[0m [43m        [49m[43mchunked_array_type[49m[38;5;241;43m=[39;49m[43mchunked_array_type[49m[43m,[49m
[1;32m    763[0m [43m        [49m[43mfrom_array_kwargs[49m[38;5;241;43m=[39;49m[43mfrom_array_kwargs[49m[43m,[49m
[1;32m    764[0m [43m        [49m[43mbackend_kwargs[49m[38;5;241;43m=[39;49m[43mbackend_kwargs[49m[43m,[49m
[1;32m    765[0m [43m        [49m[43muse_cftime[49m[38;5;241;43m=[39;49m[43muse_cftime[49m[43m,[49m
[1;32m    766[0m [43m        [49m[43mdecode_timedelta[49m[38;5;241;43m=[39;49m[43mdecode_timedelta[49m[43m,[49m
[1;32m    767[0m [43m        [49m[38;5;241;43m*[39;49m[38;5;241;43m*[39;49m[43mkwargs[49m[43m,[49m
[1;32m    768[0m [43m    [49m[43m)[49m
[1;32m    770[0m     [38;5;28;01mif[39;00m [38;5;28mlen[39m(dataset[38;5;241m.[39mdata_vars) [38;5;241m!=[39m [38;5;241m1[39m:
[1;32m    771[0m         [38;5;28;01mraise[39;00m [38;5;167;01mValueError[39;00m(
[1;32m    772[0m             [38;5;124m"[39m[38;5;124mGiven file dataset contains more than one data [39m[38;5;124m"[39m
[1;32m    773[0m             [38;5;124m"[39m[38;5;124mvariable. Please read with xarray.open_dataset and [39m[38;5;124m"[39m
[1;32m    774[0m             [38;5;124m"[39m[38;5;124mthen select the variable you want.[39m[38;5;124m"[39m
[1;32m    775[0m         )

File [0;32m/opt/anaconda3/envs/aciar/lib/python3.11/site-packages/xarray/backends/api.py:573[0m, in [0;36mopen_dataset[0;34m(filename_or_obj, engine, chunks, cache, decode_cf, mask_and_scale, decode_times, decode_timedelta, use_cftime, concat_characters, decode_coords, drop_variables, inline_array, chunked_array_type, from_array_kwargs, backend_kwargs, **kwargs)[0m
[1;32m    561[0m decoders [38;5;241m=[39m _resolve_decoders_kwargs(
[1;32m    562[0m     decode_cf,
[1;32m    563[0m     open_backend_dataset_parameters[38;5;241m=[39mbackend[38;5;241m.[39mopen_dataset_parameters,
[0;32m   (...)[0m
[1;32m    569[0m     decode_coords[38;5;241m=[39mdecode_coords,
[1;32m    570[0m )
[1;32m    572[0m overwrite_encoded_chunks [38;5;241m=[39m kwargs[38;5;241m.[39mpop([38;5;124m"[39m[38;5;124moverwrite_encoded_chunks[39m[38;5;124m"[39m, [38;5;28;01mNone[39;00m)
[0;32m--> 573[0m backend_ds [38;5;241m=[39m [43mbackend[49m[38;5;241;43m.[39;49m[43mopen_dataset[49m[43m([49m
[1;32m    574[0m [43m    [49m[43mfilename_or_obj[49m[43m,[49m
[1;32m    575[0m [43m    [49m[43mdrop_variables[49m[38;5;241;43m=[39;49m[43mdrop_variables[49m[43m,[49m
[1;32m    576[0m [43m    [49m[38;5;241;43m*[39;49m[38;5;241;43m*[39;49m[43mdecoders[49m[43m,[49m
[1;32m    577[0m [43m    [49m[38;5;241;43m*[39;49m[38;5;241;43m*[39;49m[43mkwargs[49m[43m,[49m
[1;32m    578[0m [43m[49m[43m)[49m
[1;32m    579[0m ds [38;5;241m=[39m _dataset_from_backend_dataset(
[1;32m    580[0m     backend_ds,
[1;32m    581[0m     filename_or_obj,
[0;32m   (...)[0m
[1;32m    591[0m     [38;5;241m*[39m[38;5;241m*[39mkwargs,
[1;32m    592[0m )
[1;32m    593[0m [38;5;28;01mreturn[39;00m ds

File [0;32m/opt/anaconda3/envs/aciar/lib/python3.11/site-packages/rioxarray/xarray_plugin.py:54[0m, in [0;36mRasterioBackend.open_dataset[0;34m(self, filename_or_obj, drop_variables, parse_coordinates, lock, masked, mask_and_scale, variable, group, default_name, decode_times, decode_timedelta, band_as_variable, open_kwargs)[0m
[1;32m     52[0m [38;5;28;01mif[39;00m open_kwargs [38;5;129;01mis[39;00m [38;5;28;01mNone[39;00m:
[1;32m     53[0m     open_kwargs [38;5;241m=[39m {}
[0;32m---> 54[0m rds [38;5;241m=[39m [43m_io[49m[38;5;241;43m.[39;49m[43mopen_rasterio[49m[43m([49m
[1;32m     55[0m [43m    [49m[43mfilename_or_obj[49m[43m,[49m
[1;32m     56[0m [43m    [49m[43mparse_coordinates[49m[38;5;241;43m=[39;49m[43mparse_coordinates[49m[43m,[49m
[1;32m     57[0m [43m    [49m[43mcache[49m[38;5;241;43m=[39;49m[38;5;28;43;01mFalse[39;49;00m[43m,[49m
[1;32m     58[0m [43m    [49m[43mlock[49m[38;5;241;43m=[39;49m[43mlock[49m[43m,[49m
[1;32m     59[0m [43m    [49m[43mmasked[49m[38;5;241;43m=[39;49m[43mmasked[49m[43m,[49m
[1;32m     60[0m [43m    [49m[43mmask_and_scale[49m[38;5;241;43m=[39;49m[43mmask_and_scale[49m[43m,[49m
[1;32m     61[0m [43m    [49m[43mvariable[49m[38;5;241;43m=[39;49m[43mvariable[49m[43m,[49m
[1;32m     62[0m [43m    [49m[43mgroup[49m[38;5;241;43m=[39;49m[43mgroup[49m[43m,[49m
[1;32m     63[0m [43m    [49m[43mdefault_name[49m[38;5;241;43m=[39;49m[43mdefault_name[49m[43m,[49m
[1;32m     64[0m [43m    [49m[43mdecode_times[49m[38;5;241;43m=[39;49m[43mdecode_times[49m[43m,[49m
[1;32m     65[0m [43m    [49m[43mdecode_timedelta[49m[38;5;241;43m=[39;49m[43mdecode_timedelta[49m[43m,[49m
[1;32m     66[0m [43m    [49m[43mband_as_variable[49m[38;5;241;43m=[39;49m[43mband_as_variable[49m[43m,[49m
[1;32m     67[0m [43m    [49m[38;5;241;43m*[39;49m[38;5;241;43m*[39;49m[43mopen_kwargs[49m[43m,[49m
[1;32m     68[0m [43m[49m[43m)[49m
[1;32m     69[0m [38;5;28;01mif[39;00m [38;5;28misinstance[39m(rds, xarray[38;5;241m.[39mDataArray):
[1;32m     70[0m     dataset [38;5;241m=[39m rds[38;5;241m.[39mto_dataset()

File [0;32m/opt/anaconda3/envs/aciar/lib/python3.11/site-packages/rioxarray/_io.py:1124[0m, in [0;36mopen_rasterio[0;34m(filename, parse_coordinates, chunks, cache, lock, masked, mask_and_scale, variable, group, default_name, decode_times, decode_timedelta, band_as_variable, **open_kwargs)[0m
[1;32m   1122[0m     [38;5;28;01melse[39;00m:
[1;32m   1123[0m         manager [38;5;241m=[39m URIManager(file_opener, filename, mode[38;5;241m=[39m[38;5;124m"[39m[38;5;124mr[39m[38;5;124m"[39m, kwargs[38;5;241m=[39mopen_kwargs)
[0;32m-> 1124[0m     riods [38;5;241m=[39m [43mmanager[49m[38;5;241;43m.[39;49m[43macquire[49m[43m([49m[43m)[49m
[1;32m   1125[0m     captured_warnings [38;5;241m=[39m rio_warnings[38;5;241m.[39mcopy()
[1;32m   1127[0m [38;5;66;03m# raise the NotGeoreferencedWarning if applicable[39;00m

File [0;32m/opt/anaconda3/envs/aciar/lib/python3.11/site-packages/xarray/backends/file_manager.py:193[0m, in [0;36mCachingFileManager.acquire[0;34m(self, needs_lock)[0m
[1;32m    178[0m [38;5;28;01mdef[39;00m [38;5;21macquire[39m([38;5;28mself[39m, needs_lock[38;5;241m=[39m[38;5;28;01mTrue[39;00m):
[1;32m    179[0m [38;5;250m    [39m[38;5;124;03m"""Acquire a file object from the manager.[39;00m
[1;32m    180[0m 
[1;32m    181[0m [38;5;124;03m    A new file is only opened if it has expired from the[39;00m
[0;32m   (...)[0m
[1;32m    191[0m [38;5;124;03m        An open file object, as returned by ``opener(*args, **kwargs)``.[39;00m
[1;32m    192[0m [38;5;124;03m    """[39;00m
[0;32m--> 193[0m     file, _ [38;5;241m=[39m [38;5;28;43mself[39;49m[38;5;241;43m.[39;49m[43m_acquire_with_cache_info[49m[43m([49m[43mneeds_lock[49m[43m)[49m
[1;32m    194[0m     [38;5;28;01mreturn[39;00m file

File [0;32m/opt/anaconda3/envs/aciar/lib/python3.11/site-packages/xarray/backends/file_manager.py:217[0m, in [0;36mCachingFileManager._acquire_with_cache_info[0;34m(self, needs_lock)[0m
[1;32m    215[0m     kwargs [38;5;241m=[39m kwargs[38;5;241m.[39mcopy()
[1;32m    216[0m     kwargs[[38;5;124m"[39m[38;5;124mmode[39m[38;5;124m"[39m] [38;5;241m=[39m [38;5;28mself[39m[38;5;241m.[39m_mode
[0;32m--> 217[0m file [38;5;241m=[39m [38;5;28;43mself[39;49m[38;5;241;43m.[39;49m[43m_opener[49m[43m([49m[38;5;241;43m*[39;49m[38;5;28;43mself[39;49m[38;5;241;43m.[39;49m[43m_args[49m[43m,[49m[43m [49m[38;5;241;43m*[39;49m[38;5;241;43m*[39;49m[43mkwargs[49m[43m)[49m
[1;32m    218[0m [38;5;28;01mif[39;00m [38;5;28mself[39m[38;5;241m.[39m_mode [38;5;241m==[39m [38;5;124m"[39m[38;5;124mw[39m[38;5;124m"[39m:
[1;32m    219[0m     [38;5;66;03m# ensure file doesn't get overridden when opened again[39;00m
[1;32m    220[0m     [38;5;28mself[39m[38;5;241m.[39m_mode [38;5;241m=[39m [38;5;124m"[39m[38;5;124ma[39m[38;5;124m"[39m

File [0;32m/opt/anaconda3/envs/aciar/lib/python3.11/site-packages/rasterio/env.py:444[0m, in [0;36mensure_env_with_credentials.<locals>.wrapper[0;34m(*args, **kwds)[0m
[1;32m    441[0m     session [38;5;241m=[39m DummySession()
[1;32m    443[0m [38;5;28;01mwith[39;00m env_ctor(session[38;5;241m=[39msession):
[0;32m--> 444[0m     [38;5;28;01mreturn[39;00m [43mf[49m[43m([49m[38;5;241;43m*[39;49m[43margs[49m[43m,[49m[43m [49m[38;5;241;43m*[39;49m[38;5;241;43m*[39;49m[43mkwds[49m[43m)[49m

File [0;32m/opt/anaconda3/envs/aciar/lib/python3.11/site-packages/rasterio/__init__.py:304[0m, in [0;36mopen[0;34m(fp, mode, driver, width, height, count, crs, transform, dtype, nodata, sharing, **kwargs)[0m
[1;32m    301[0m path [38;5;241m=[39m _parse_path(raw_dataset_path)
[1;32m    303[0m [38;5;28;01mif[39;00m mode [38;5;241m==[39m [38;5;124m"[39m[38;5;124mr[39m[38;5;124m"[39m:
[0;32m--> 304[0m     dataset [38;5;241m=[39m [43mDatasetReader[49m[43m([49m[43mpath[49m[43m,[49m[43m [49m[43mdriver[49m[38;5;241;43m=[39;49m[43mdriver[49m[43m,[49m[43m [49m[43msharing[49m[38;5;241;43m=[39;49m[43msharing[49m[43m,[49m[43m [49m[38;5;241;43m*[39;49m[38;5;241;43m*[39;49m[43mkwargs[49m[43m)[49m
[1;32m    305[0m [38;5;28;01melif[39;00m mode [38;5;241m==[39m [38;5;124m"[39m[38;5;124mr+[39m[38;5;124m"[39m:
[1;32m    306[0m     dataset [38;5;241m=[39m get_writer_for_path(path, driver[38;5;241m=[39mdriver)(
[1;32m    307[0m         path, mode, driver[38;5;241m=[39mdriver, sharing[38;5;241m=[39msharing, [38;5;241m*[39m[38;5;241m*[39mkwargs
[1;32m    308[0m     )

File [0;32mrasterio/_base.pyx:309[0m, in [0;36mrasterio._base.DatasetBase.__init__[0;34m()[0m

[0;31mRasterioIOError[0m: projected_bioclim/ensemble_mean_rcp85_ba_month_x++_q100_12.tif: No such file or directory

