Traceback (most recent call last):
  File "/opt/anaconda3/envs/aciar/lib/python3.11/site-packages/jupyter_cache/executors/utils.py", line 58, in single_nb_execution
    executenb(
  File "/opt/anaconda3/envs/aciar/lib/python3.11/site-packages/nbclient/client.py", line 1314, in execute
    return NotebookClient(nb=nb, resources=resources, km=km, **kwargs).execute()
           ^^^^^^^^^^^^^^^^^^^^^^^^^^^^^^^^^^^^^^^^^^^^^^^^^^^^^^^^^^^^^^^^^^^^^
  File "/opt/anaconda3/envs/aciar/lib/python3.11/site-packages/jupyter_core/utils/__init__.py", line 173, in wrapped
    return loop.run_until_complete(inner)
           ^^^^^^^^^^^^^^^^^^^^^^^^^^^^^^
  File "/opt/anaconda3/envs/aciar/lib/python3.11/asyncio/base_events.py", line 653, in run_until_complete
    return future.result()
           ^^^^^^^^^^^^^^^
  File "/opt/anaconda3/envs/aciar/lib/python3.11/site-packages/nbclient/client.py", line 709, in async_execute
    await self.async_execute_cell(
  File "/opt/anaconda3/envs/aciar/lib/python3.11/site-packages/nbclient/client.py", line 1062, in async_execute_cell
    await self._check_raise_for_error(cell, cell_index, exec_reply)
  File "/opt/anaconda3/envs/aciar/lib/python3.11/site-packages/nbclient/client.py", line 918, in _check_raise_for_error
    raise CellExecutionError.from_cell_and_msg(cell, exec_reply_content)
nbclient.exceptions.CellExecutionError: An error occurred while executing the following cell:
------------------
ds = xr.open_dataarray('rop_data/hist_summary_rop.tif')
ds = ds.sel(band=1).rename('Historic ROP')
ds = ds.sel(x=slice(45,180),y=slice(-60,60))

hover = bokeh.models.HoverTool(tooltips=[("Temp", "@image mm"),
                                  ],
                              formatters = {"@Temp":"printf"})

ds.drop(['band','spatial_ref']).hvplot(x='x',y='y',geo=True,xlim=(95,142), ylim=(-13,25),width=700,height=450,cmap='plasma',xlabel='lon',tools=[hover],tiles=tiles_state,tiles_opts={'xlim':xlims,'ylim':ylims,'alpha':0.5})
------------------


[0;31m---------------------------------------------------------------------------[0m
[0;31mNameError[0m                                 Traceback (most recent call last)
Cell [0;32mIn[4], line 9[0m
[1;32m      3[0m ds [38;5;241m=[39m ds[38;5;241m.[39msel(x[38;5;241m=[39m[38;5;28mslice[39m([38;5;241m45[39m,[38;5;241m180[39m),y[38;5;241m=[39m[38;5;28mslice[39m([38;5;241m-[39m[38;5;241m60[39m,[38;5;241m60[39m))
[1;32m      5[0m hover [38;5;241m=[39m bokeh[38;5;241m.[39mmodels[38;5;241m.[39mHoverTool(tooltips[38;5;241m=[39m[([38;5;124m"[39m[38;5;124mTemp[39m[38;5;124m"[39m, [38;5;124m"[39m[38;5;124m@image mm[39m[38;5;124m"[39m),
[1;32m      6[0m                                   ],
[1;32m      7[0m                               formatters [38;5;241m=[39m {[38;5;124m"[39m[38;5;124m@Temp[39m[38;5;124m"[39m:[38;5;124m"[39m[38;5;124mprintf[39m[38;5;124m"[39m})
[0;32m----> 9[0m ds[38;5;241m.[39mdrop([[38;5;124m'[39m[38;5;124mband[39m[38;5;124m'[39m,[38;5;124m'[39m[38;5;124mspatial_ref[39m[38;5;124m'[39m])[38;5;241m.[39mhvplot(x[38;5;241m=[39m[38;5;124m'[39m[38;5;124mx[39m[38;5;124m'[39m,y[38;5;241m=[39m[38;5;124m'[39m[38;5;124my[39m[38;5;124m'[39m,geo[38;5;241m=[39m[38;5;28;01mTrue[39;00m,xlim[38;5;241m=[39m([38;5;241m95[39m,[38;5;241m142[39m), ylim[38;5;241m=[39m([38;5;241m-[39m[38;5;241m13[39m,[38;5;241m25[39m),width[38;5;241m=[39m[38;5;241m700[39m,height[38;5;241m=[39m[38;5;241m450[39m,cmap[38;5;241m=[39m[38;5;124m'[39m[38;5;124mplasma[39m[38;5;124m'[39m,xlabel[38;5;241m=[39m[38;5;124m'[39m[38;5;124mlon[39m[38;5;124m'[39m,tools[38;5;241m=[39m[hover],tiles[38;5;241m=[39mtiles_state,tiles_opts[38;5;241m=[39m{[38;5;124m'[39m[38;5;124mxlim[39m[38;5;124m'[39m:[43mxlims[49m,[38;5;124m'[39m[38;5;124mylim[39m[38;5;124m'[39m:ylims,[38;5;124m'[39m[38;5;124malpha[39m[38;5;124m'[39m:[38;5;241m0.5[39m})

[0;31mNameError[0m: name 'xlims' is not defined

