Traceback (most recent call last):
  File "/opt/anaconda3/envs/aciar/lib/python3.11/site-packages/jupyter_cache/executors/utils.py", line 58, in single_nb_execution
    executenb(
  File "/opt/anaconda3/envs/aciar/lib/python3.11/site-packages/nbclient/client.py", line 1314, in execute
    return NotebookClient(nb=nb, resources=resources, km=km, **kwargs).execute()
           ^^^^^^^^^^^^^^^^^^^^^^^^^^^^^^^^^^^^^^^^^^^^^^^^^^^^^^^^^^^^^^^^^^^^^
  File "/opt/anaconda3/envs/aciar/lib/python3.11/site-packages/jupyter_core/utils/__init__.py", line 173, in wrapped
    return loop.run_until_complete(inner)
           ^^^^^^^^^^^^^^^^^^^^^^^^^^^^^^
  File "/opt/anaconda3/envs/aciar/lib/python3.11/asyncio/base_events.py", line 653, in run_until_complete
    return future.result()
           ^^^^^^^^^^^^^^^
  File "/opt/anaconda3/envs/aciar/lib/python3.11/site-packages/nbclient/client.py", line 709, in async_execute
    await self.async_execute_cell(
  File "/opt/anaconda3/envs/aciar/lib/python3.11/site-packages/nbclient/client.py", line 1062, in async_execute_cell
    await self._check_raise_for_error(cell, cell_index, exec_reply)
  File "/opt/anaconda3/envs/aciar/lib/python3.11/site-packages/nbclient/client.py", line 918, in _check_raise_for_error
    raise CellExecutionError.from_cell_and_msg(cell, exec_reply_content)
nbclient.exceptions.CellExecutionError: An error occurred while executing the following cell:
------------------
ds = xr.open_dataarray('worldclim_data/era5-land_bio_12.tif')
ds = ds.sel(band=1).rename('Annual precipitation')
ds = ds.sel(x=slice(45,180),y=slice(60,-60))

hover = bokeh.models.HoverTool(tooltips=[("Temp", "@image mm"),
                                  ],
                              formatters = {"@Temp":"printf"})

ds.drop(['band','spatial_ref']).hvplot(x='x',y='y',geo=True,xlim=(95,142), ylim=(-13,25),width=700,height=450,cmap='magma',xlabel='lon',tools=[hover],tiles=tiles_state,tiles_opts={'xlim':xlims,'ylim':ylims,'alpha':0.5})
------------------

----- stderr -----
/tmp/ipykernel_2041876/855237526.py:9: DeprecationWarning: dropping variables using `drop` is deprecated; use drop_vars.
  ds.drop(['band','spatial_ref']).hvplot(x='x',y='y',geo=True,xlim=(95,142), ylim=(-13,25),width=700,height=450,cmap='magma',xlabel='lon',tools=[hover],tiles=tiles_state,tiles_opts={'xlim':xlims,'ylim':ylims,'alpha':0.5})
------------------

[31m---------------------------------------------------------------------------[39m
[31mModuleNotFoundError[39m                       Traceback (most recent call last)
[36mCell[39m[36m [39m[32mIn[2][39m[32m, line 9[39m
[32m      3[39m ds = ds.sel(x=[38;5;28mslice[39m([32m45[39m,[32m180[39m),y=[38;5;28mslice[39m([32m60[39m,-[32m60[39m))
[32m      5[39m hover = bokeh.models.HoverTool(tooltips=[([33m"[39m[33mTemp[39m[33m"[39m, [33m"[39m[33m@image mm[39m[33m"[39m),
[32m      6[39m                                   ],
[32m      7[39m                               formatters = {[33m"[39m[33m@Temp[39m[33m"[39m:[33m"[39m[33mprintf[39m[33m"[39m})
[32m----> [39m[32m9[39m [43mds[49m[43m.[49m[43mdrop[49m[43m([49m[43m[[49m[33;43m'[39;49m[33;43mband[39;49m[33;43m'[39;49m[43m,[49m[33;43m'[39;49m[33;43mspatial_ref[39;49m[33;43m'[39;49m[43m][49m[43m)[49m[43m.[49m[43mhvplot[49m[43m([49m[43mx[49m[43m=[49m[33;43m'[39;49m[33;43mx[39;49m[33;43m'[39;49m[43m,[49m[43my[49m[43m=[49m[33;43m'[39;49m[33;43my[39;49m[33;43m'[39;49m[43m,[49m[43mgeo[49m[43m=[49m[38;5;28;43;01mTrue[39;49;00m[43m,[49m[43mxlim[49m[43m=[49m[43m([49m[32;43m95[39;49m[43m,[49m[32;43m142[39;49m[43m)[49m[43m,[49m[43m [49m[43mylim[49m[43m=[49m[43m([49m[43m-[49m[32;43m13[39;49m[43m,[49m[32;43m25[39;49m[43m)[49m[43m,[49m[43mwidth[49m[43m=[49m[32;43m700[39;49m[43m,[49m[43mheight[49m[43m=[49m[32;43m450[39;49m[43m,[49m[43mcmap[49m[43m=[49m[33;43m'[39;49m[33;43mmagma[39;49m[33;43m'[39;49m[43m,[49m[43mxlabel[49m[43m=[49m[33;43m'[39;49m[33;43mlon[39;49m[33;43m'[39;49m[43m,[49m[43mtools[49m[43m=[49m[43m[[49m[43mhover[49m[43m][49m[43m,[49m[43mtiles[49m[43m=[49m[43mtiles_state[49m[43m,[49m[43mtiles_opts[49m[43m=[49m[43m{[49m[33;43m'[39;49m[33;43mxlim[39;49m[33;43m'[39;49m[43m:[49m[43mxlims[49m[43m,[49m[33;43m'[39;49m[33;43mylim[39;49m[33;43m'[39;49m[43m:[49m[43mylims[49m[43m,[49m[33;43m'[39;49m[33;43malpha[39;49m[33;43m'[39;49m[43m:[49m[32;43m0.5[39;49m[43m}[49m[43m)[49m

[36mFile [39m[32m/opt/anaconda3/envs/xclim/lib/python3.13/site-packages/hvplot/plotting/core.py:95[39m, in [36mhvPlotBase.__call__[39m[34m(self, x, y, kind, **kwds)[39m
[32m     92[39m         plot = [38;5;28mself[39m._get_converter(x, y, kind, **kwds)(kind, x, y)
[32m     93[39m         [38;5;28;01mreturn[39;00m pn.panel(plot, **panel_dict)
[32m---> [39m[32m95[39m [38;5;28;01mreturn[39;00m [38;5;28;43mself[39;49m[43m.[49m[43m_get_converter[49m[43m([49m[43mx[49m[43m,[49m[43m [49m[43my[49m[43m,[49m[43m [49m[43mkind[49m[43m,[49m[43m [49m[43m*[49m[43m*[49m[43mkwds[49m[43m)[49m(kind, x, y)

[36mFile [39m[32m/opt/anaconda3/envs/xclim/lib/python3.13/site-packages/hvplot/plotting/core.py:102[39m, in [36mhvPlotBase._get_converter[39m[34m(self, x, y, kind, **kwds)[39m
[32m    100[39m y = y [38;5;129;01mor[39;00m params.pop([33m'[39m[33my[39m[33m'[39m, [38;5;28;01mNone[39;00m)
[32m    101[39m kind = kind [38;5;129;01mor[39;00m params.pop([33m'[39m[33mkind[39m[33m'[39m, [38;5;28;01mNone[39;00m)
[32m--> [39m[32m102[39m [38;5;28;01mreturn[39;00m [43mHoloViewsConverter[49m[43m([49m[38;5;28;43mself[39;49m[43m.[49m[43m_data[49m[43m,[49m[43m [49m[43mx[49m[43m,[49m[43m [49m[43my[49m[43m,[49m[43m [49m[43mkind[49m[43m=[49m[43mkind[49m[43m,[49m[43m [49m[43m*[49m[43m*[49m[43mparams[49m[43m)[49m

[36mFile [39m[32m/opt/anaconda3/envs/xclim/lib/python3.13/site-packages/hvplot/converter.py:962[39m, in [36mHoloViewsConverter.__init__[39m[34m(self, data, x, y, kind, by, use_index, group_label, value_label, backlog, persist, use_dask, crs, fields, groupby, dynamic, grid, legend, legend_cols, legend_opts, rot, title, xlim, ylim, clim, robust, symmetric, logx, logy, loglog, hover, hover_cols, hover_formatters, hover_tooltips, subplots, label, invert, stacked, colorbar, cticks, datashade, rasterize, downsample, resample_when, row, col, debug, framewise, aggregator, selector, projection, global_extent, geo, precompute, flip_xaxis, flip_yaxis, dynspread, x_sampling, y_sampling, pixel_ratio, project, toolbar, autohide_toolbar, tools, attr_labels, coastline, tiles, tiles_opts, sort_date, check_symmetric_max, transforms, stream, cnorm, features, rescale_discrete_levels, autorange, subcoordinate_y, backend_opts, **kwds)[39m
[32m    960[39m [38;5;66;03m# Try importing geoviews if geo-features requested[39;00m
[32m    961[39m [38;5;28;01mif[39;00m [38;5;28mself[39m.geo [38;5;129;01mor[39;00m [38;5;28mself[39m.datatype == [33m'[39m[33mgeopandas[39m[33m'[39m:
[32m--> [39m[32m962[39m     [43mimport_geoviews[49m[43m([49m[43m)[49m
[32m    964[39m [38;5;28mself[39m.crs = [38;5;28mself[39m._process_crs(data, crs) [38;5;28;01mif[39;00m [38;5;28mself[39m.geo [38;5;28;01melse[39;00m [38;5;28;01mNone[39;00m
[32m    965[39m [38;5;28mself[39m.output_projection = [38;5;28mself[39m.crs

[36mFile [39m[32m/opt/anaconda3/envs/xclim/lib/python3.13/site-packages/hvplot/util.py:818[39m, in [36mimport_geoviews[39m[34m()[39m
[32m    816[39m     [38;5;28;01mimport[39;00m[38;5;250m [39m[34;01mgeoviews[39;00m
[32m    817[39m [38;5;28;01mexcept[39;00m [38;5;167;01mModuleNotFoundError[39;00m:
[32m--> [39m[32m818[39m     [38;5;28;01mraise[39;00m [38;5;167;01mModuleNotFoundError[39;00m(
[32m    819[39m         [33m'[39m[33mThe `geoviews` package must be installed in order to use [39m[33m'[39m
[32m    820[39m         [33m'[39m[33mgeographic features. Install it with pip or conda.[39m[33m'[39m
[32m    821[39m     ) [38;5;28;01mfrom[39;00m[38;5;250m [39m[38;5;28;01mNone[39;00m
[32m    822[39m [38;5;28;01mreturn[39;00m geoviews

[31mModuleNotFoundError[39m: The `geoviews` package must be installed in order to use geographic features. Install it with pip or conda.

