Traceback (most recent call last):
  File "/opt/anaconda3/envs/aciar/lib/python3.11/site-packages/jupyter_cache/executors/utils.py", line 58, in single_nb_execution
    executenb(
  File "/opt/anaconda3/envs/aciar/lib/python3.11/site-packages/nbclient/client.py", line 1314, in execute
    return NotebookClient(nb=nb, resources=resources, km=km, **kwargs).execute()
           ^^^^^^^^^^^^^^^^^^^^^^^^^^^^^^^^^^^^^^^^^^^^^^^^^^^^^^^^^^^^^^^^^^^^^
  File "/opt/anaconda3/envs/aciar/lib/python3.11/site-packages/jupyter_core/utils/__init__.py", line 173, in wrapped
    return loop.run_until_complete(inner)
           ^^^^^^^^^^^^^^^^^^^^^^^^^^^^^^
  File "/opt/anaconda3/envs/aciar/lib/python3.11/asyncio/base_events.py", line 653, in run_until_complete
    return future.result()
           ^^^^^^^^^^^^^^^
  File "/opt/anaconda3/envs/aciar/lib/python3.11/site-packages/nbclient/client.py", line 709, in async_execute
    await self.async_execute_cell(
  File "/opt/anaconda3/envs/aciar/lib/python3.11/site-packages/nbclient/client.py", line 1062, in async_execute_cell
    await self._check_raise_for_error(cell, cell_index, exec_reply)
  File "/opt/anaconda3/envs/aciar/lib/python3.11/site-packages/nbclient/client.py", line 918, in _check_raise_for_error
    raise CellExecutionError.from_cell_and_msg(cell, exec_reply_content)
nbclient.exceptions.CellExecutionError: An error occurred while executing the following cell:
------------------
import pandas as pd
import cartopy.crs as ccrs
import hvplot.xarray
import hvplot.pandas
import xarray as xr
from bokeh.plotting import figure, show, output_notebook
import bokeh

tiles_state=True

# opens the target data as an xarray
ds = xr.open_dataarray('worldclim_data/wc2.1_10m_elev.tif')

# selects the 1st band of the tif and renames it to the relevant variable
ds = ds.sel(band=1).rename('Elevation')

# sets the information displayed by the hovertool in the image, including the unit displayed after the number (in this case m).
hover = bokeh.models.HoverTool(tooltips=[("Elevation", "@image m"),
                                  ],
                              formatters = {"@Elevation":"printf"})

# plots the image
ds.drop(['band','spatial_ref']).hvplot(x='x',y='y',geo=True,xlim=(89,147), ylim=(-15,28),width=800,height=500,cmap='plasma',xlabel='lon',tools=[hover],tiles=tiles_state)
------------------


[0;31m---------------------------------------------------------------------------[0m
[0;31mModuleNotFoundError[0m                       Traceback (most recent call last)
Cell [0;32mIn[1], line 3[0m
[1;32m      1[0m [38;5;28;01mimport[39;00m [38;5;21;01mpandas[39;00m [38;5;28;01mas[39;00m [38;5;21;01mpd[39;00m
[1;32m      2[0m [38;5;28;01mimport[39;00m [38;5;21;01mcartopy[39;00m[38;5;21;01m.[39;00m[38;5;21;01mcrs[39;00m [38;5;28;01mas[39;00m [38;5;21;01mccrs[39;00m
[0;32m----> 3[0m [38;5;28;01mimport[39;00m [38;5;21;01mhvplot[39;00m[38;5;21;01m.[39;00m[38;5;21;01mxarray[39;00m
[1;32m      4[0m [38;5;28;01mimport[39;00m [38;5;21;01mhvplot[39;00m[38;5;21;01m.[39;00m[38;5;21;01mpandas[39;00m
[1;32m      5[0m [38;5;28;01mimport[39;00m [38;5;21;01mxarray[39;00m [38;5;28;01mas[39;00m [38;5;21;01mxr[39;00m

[0;31mModuleNotFoundError[0m: No module named 'hvplot'

